// Vitest Snapshot v1, https://vitest.dev/guide/snapshot.html

exports[`InfoText > should match snapshot 1`] = `
<div
  class="infotext"
>
  <p>
     Fantom on Fire monitors the total FTM burnt. 
    <span
      class="number"
    >
      70%
    </span>
     of the fees paid to the network are allocated to validators; 
    <span
      class="number"
    >
      15%
    </span>
     supports the GasM program, 
    <span
      class="number"
    >
      10%
    </span>
     bolsters the Ecosystem Vault, and the remaining 
    <span
      class="number"
    >
      5%
    </span>
     is permanently burnt. 
  </p>
</div>
`;
